<root xmlns:xf="http://www.w3.org/2002/xforms" xmlns:orx="http://openrosa.org/xforms" xmlns:enk="http://enketo.org/xforms" xmlns:odk="http://www.opendatakit.org/xforms" xmlns:kb="http://kobotoolbox.org/xforms" xmlns:esri="http://esri.com/xforms" xmlns:oc="http://openclinica.org/xforms" xmlns:h="http://www.w3.org/1999/xhtml" xmlns:ev="http://www.w3.org/2001/xml-events" xmlns:xsd="http://www.w3.org/2001/XMLSchema" xmlns:jr="http://openrosa.org/javarosa"><form autocomplete="off" novalidate="novalidate" class="or clearfix pages" dir="ltr" data-form-id="enketo_widgets">
    <!--This form was created by transforming an ODK/OpenRosa-flavored (X)Form using an XSL stylesheet created by Enketo LLC.--><section class="form-logo"></section><h3 dir="auto" id="form-title">Enketo Widgets</h3>
    <select id="form-languages" style="display:none;" data-default-lang=""><option value="en">en</option> </select>


    <section class="or-group-data or-appearance-field-list " name="/enketo_widgets/test_attributes"><label class="question non-select or-appearance-countdown-timer "><span lang="en" class="question-label active" data-itext-id="/enketo_widgets/test_attributes/my_note:label">My Note</span><input type="text" name="/enketo_widgets/test_attributes/my_note" data-type-xml="string" readonly></label><fieldset class="question simple-select trigger or-appearance-countdown-timer "><fieldset>
        <legend>
            <span lang="en" class="question-label active" data-itext-id="/enketo_widgets/test_attributes/my_trigger:label">My Trigger</span>
        </legend>
        <div class="option-wrapper"><label><input value="OK" type="radio" name="/enketo_widgets/test_attributes/my_trigger" data-name="/enketo_widgets/test_attributes/my_trigger" data-type-xml="string"><span class="option-label active" lang="">OK</span></label></div>
    </fieldset></fieldset>
        <label class="question non-select "><span lang="en" class="question-label active" data-itext-id="/enketo_widgets/test_attributes/my_date:label">My Date</span><input type="date" name="/enketo_widgets/test_attributes/my_date" data-type-xml="date"></label><fieldset class="question simple-select "><fieldset>
            <legend>
                <span lang="en" class="question-label active" data-itext-id="/enketo_widgets/test_attributes/my_select:label">My Select</span>
            </legend>
            <div class="option-wrapper">
                <label class=""><input type="radio" name="/enketo_widgets/test_attributes/my_select" data-name="/enketo_widgets/test_attributes/my_select" value="yes" data-type-xml="select1"><span lang="en" class="option-label active" data-itext-id="/enketo_widgets/test_attributes/my_select/yes:label">Yes</span></label><label class=""><input type="radio" name="/enketo_widgets/test_attributes/my_select" data-name="/enketo_widgets/test_attributes/my_select" value="no" data-type-xml="select1"><span lang="en" class="option-label active" data-itext-id="/enketo_widgets/test_attributes/my_select/no:label">No</span></label><label class=""><input type="radio" name="/enketo_widgets/test_attributes/my_select" data-name="/enketo_widgets/test_attributes/my_select" value="dk" data-type-xml="select1"><span lang="en" class="option-label active" data-itext-id="/enketo_widgets/test_attributes/my_select/dk:label">Don't Know</span></label><label class=""><input type="radio" name="/enketo_widgets/test_attributes/my_select" data-name="/enketo_widgets/test_attributes/my_select" value="na" data-type-xml="select1"><span lang="en" class="option-label active" data-itext-id="/enketo_widgets/test_attributes/my_select/na:label">Not Applicable</span></label>
            </div>
        </fieldset></fieldset>
    </section><!--end of group -->
    <label class="question non-select "><span lang="en" class="question-label active" data-itext-id="/enketo_widgets/my_text:label">My Text</span><input type="text" name="/enketo_widgets/my_text" data-type-xml="string"></label>

    <fieldset id="or-calculated-items" style="display:none;"><label class="calculation non-select "><input type="hidden" name="/enketo_widgets/meta/instanceID" data-calculate="concat('uuid:', uuid())" data-type-xml="string"></label></fieldset>
</form></root>
